=== System Info ===
Compatible:  zyvor-ota-qemu-lab
Variant:     
Booted from: rootfs.0 (/dev/vda2)

=== Bootloader ===
Activated: rootfs.1 (B)

=== Slot States ===
[1mx[0m [1m[rootfs.1][0m (/dev/disk/by-partlabel/rootB, ext4, inactive[0m)
	bootname: [34mB[0m
	boot status: [32mgood[0m

o [32m[32m[1m[rootfs.0][0m (/dev/disk/by-partlabel/rootA, ext4, [1mbooted[0m)
	bootname: [34mA[0m
	boot status: [31mbad[0m


---
NAME   MAJ:MIN RM  SIZE RO TYPE MOUNTPOINTS
sr0     11:0    1 1024M  1 rom  
vda    253:0    0    4G  0 disk 
|-vda1 253:1    0  256M  0 part /boot/efi
|-vda2 253:2    0  1.5G  0 part /
|-vda3 253:3    0  1.5G  0 part 
`-vda4 253:4    0  752M  0 part /var/lib/rauc-data
